// Jest Snapshot v1, https://goo.gl/fbAQLP

exports[`Testing with toMatchSnapshot matches the snapshot when a name is passed 1`] = `<div />`;
